
> wishwell-client@1.0.0 build
> vite build

node.exe : [33mThe CJS build of Vite's Node API is deprecated. See 
https://vite.dev/guide/troubleshooting.html#vite-cjs-node-api-deprecated for more details.[39m
Au caractère C:\Program Files\nodejs\npm.ps1:29 : 3
+   & $NODE_EXE $NPM_CLI_JS $args
+   ~~~~~~~~~~~~~~~~~~~~~~~~~~~~~
    + CategoryInfo          : NotSpecified: ([33mThe CJS bu...e details.[39m:String) [], RemoteException
    + FullyQualifiedErrorId : NativeCommandError
 
[36mvite v5.4.21 [32mbuilding for production...[36m[39m
transforming...
[32mÔ£ô[39m 150 modules transformed.
[31mx[39m Build failed in 1.67s
[31merror during build:
[31mpages/Editor.jsx (13:7): "default" is not exported by "node_modules/react-joyride/dist/index.mjs", imported by 
"pages/Editor.jsx".[31m
file: [36mC:/Users/Dell/Downloads/happy birtdhay/Ewishes/client/pages/Editor.jsx:13:7[31m
[33m
11: import WishesManager from '../components/WishesManager';
12: import ClientTab from '../components/ClientTab';
13: import Joyride, { STATUS } from 'react-joyride';
           ^
14: import styles from './Editor.module.css';
[31m
    at getRollupError 
(file:///C:/Users/Dell/Downloads/happy%20birtdhay/Ewishes/client/node_modules/rollup/dist/es/shared/parseAst.js:402:41)
    at error 
(file:///C:/Users/Dell/Downloads/happy%20birtdhay/Ewishes/client/node_modules/rollup/dist/es/shared/parseAst.js:398:42)
    at Module.error (file:///C:/Users/Dell/Downloads/happy%20birtdhay/Ewishes/client/node_modules/rollup/dist/es/shared
/node-entry.js:17040:16)
    at Module.traceVariable (file:///C:/Users/Dell/Downloads/happy%20birtdhay/Ewishes/client/node_modules/rollup/dist/e
s/shared/node-entry.js:17452:29)
    at ModuleScope.findVariable (file:///C:/Users/Dell/Downloads/happy%20birtdhay/Ewishes/client/node_modules/rollup/di
st/es/shared/node-entry.js:15070:39)
    at FunctionScope.findVariable (file:///C:/Users/Dell/Downloads/happy%20birtdhay/Ewishes/client/node_modules/rollup/
dist/es/shared/node-entry.js:5673:38)
    at FunctionBodyScope.findVariable (file:///C:/Users/Dell/Downloads/happy%20birtdhay/Ewishes/client/node_modules/rol
lup/dist/es/shared/node-entry.js:5673:38)
    at Identifier.bind (file:///C:/Users/Dell/Downloads/happy%20birtdhay/Ewishes/client/node_modules/rollup/dist/es/sha
red/node-entry.js:5447:40)
    at CallExpression.bind (file:///C:/Users/Dell/Downloads/happy%20birtdhay/Ewishes/client/node_modules/rollup/dist/es
/shared/node-entry.js:2825:28)
    at CallExpression.bind (file:///C:/Users/Dell/Downloads/happy%20birtdhay/Ewishes/client/node_modules/rollup/dist/es
/shared/node-entry.js:12179:15)[39m
